total 1400
drwx------@ 13 logan  staff     416 Apr 29 00:53 .
drwxr-xr-x+ 63 logan  staff    2016 Jul  8 20:43 ..
-rw-r--r--@  1 logan  staff   10244 Jul  1 19:41 .DS_Store
-rw-------   1 logan  staff       0 Nov 28  2016 .localized
drwx------   3 root   staff      96 Mar  4  2021 Library
drwxr-xr-x   9 logan  staff     288 Jun  3  2017 MuseScore2
drwxr-xr-x  35 logan  staff    1120 Oct 30  2023 OBS
drwxr-xr-x@ 12 logan  staff     384 Nov  5  2025 Timberborn
drwxr-xr-x  45 logan  staff    1440 Jul  1 19:39 Twitch assets
drwxr-xr-x@ 15 logan  staff     480 Oct 13  2022 Zoom
-rw-r--r--   1 logan  staff  692337 Jun 25  2021 marriage-license-certificate.pdf
-rw-r--r--@  1 logan  staff     162 Jul 19  2020 ~$05-6 descriptions .docx
-rw-r--r--@  1 logan  staff     162 Dec 12  2018 ~$rch 2 Questions.docx
---DESKTOP---
total 88
drwx------@  5 logan  staff    160 Jul  3 23:15 .
drwxr-xr-x+ 63 logan  staff   2016 Jul  8 20:43 ..
-rw-r--r--@  1 logan  staff   6148 Jul  3 23:15 .DS_Store
-rw-r--r--   1 logan  staff      0 Nov 28  2016 .localized
-r--r--r--@  1 logan  staff  35650 Dec 16  2022 17ab0936d5b8f450.png
---DOWNLOADS---
total 118141368
drwx------@   3 logan  staff          96 Oct 10  2017 %5bBULK%5d_RE%3a_New_Visual_Identity_Request
-rw-r--r--@   1 logan  staff     2650336 Oct 10  2017 %5bBULK%5d_RE%3a_New_Visual_Identity_Request.zip
drwx------@ 640 logan  staff       20480 Jul  3 08:30 .
drwxr-xr-x+  63 logan  staff        2016 Jul  8 20:43 ..
-rw-r--r--@   1 logan  staff       18436 Jul  3 03:43 .DS_Store
-rw-r--r--@   1 logan  staff       30235 Jun  3  2017 .Love_Like_YouFull_Version.mscz,
-rw-------    1 logan  staff           0 Nov 28  2016 .localized
-rw-r--r--@   1 logan  staff   138351554 May 26  2022 01 PKG First Pass 1.mp4
-rw-r--r--@   1 logan  staff    82030419 Mar 11  2019 0311191658.mp4
-rw-r--r--@   1 logan  staff   290703074 Sep 10  2020 04 Final Assets.zip
-rw-r--r--@   1 logan  staff     1669145 Oct 13  2022 0427201711a.jpg
-rw-r--r--@   1 logan  staff     1937781 May 10  2019 0510191800.jpg
-rw-r--r--@   1 logan  staff     2422774 Aug 18  2021 0818-thumbnail.jpg
-rw-r--r--@   1 logan  staff      800911 Apr 10  2019 1,286 (1).pdf
-rw-r--r--@   1 logan  staff      420637 Apr 10  2019 1,286.pdf
-rw-r--r--@   1 logan  staff      339818 Apr 10  2019 1,286.png
-rw-r--r--@   1 logan  staff    21432317 May 12  2019 10000000 574945172962683 5781415091568115712 n.mp4
-rw-r--r--@   1 logan  staff    36236822 Nov 10  2022 1011.WAV
-rw-r--r--@   1 logan  staff    89459862 Nov 10  2022 1013.WAV
-rw-r--r--@   1 logan  staff      347281 Jun  2  2020 101482427_296167401398631_6826911707391066112_n.jpg
-rw-r--r--@   1 logan  staff       79709 Jun 24  2024 1108_29_2022 midterm elections.jpeg
-rw-r--r--@   1 logan  staff       74380 Apr  4  2017 11880402_10153671723406178_1856817359874418375_n.jpg
-rw-r--r--@   1 logan  staff        8828 Dec 29  2023 12-08-2023.pdf
-rw-r--r--@   1 logan  staff        8781 Dec 29  2023 12-22-2023.pdf
-rw-r--r--@   1 logan  staff       50791 Apr 21  2017 12991021_260619860944016_7379377019554713661_n.jpg
-rw-r--r--@   1 logan  staff      149273 Apr  4  2017 13392100_964497317002177_2003999737721947490_o.jpg
-rw-r--r--@   1 logan  staff      356070 Apr  4  2017 13422318_965226416929267_2666608699592773453_o.jpg
-rw-r--r--@   1 logan  staff      277444 Apr  4  2017 13442591_1299777890036756_1554680783816723111_o.jpg
-rw-r--r--@   1 logan  staff       52996 Apr  4  2017 13558944_10154218022760185_4001702423720139364_o.jpg
-rw-r--r--@   1 logan  staff       75722 Apr  4  2017 13603319_10154218022630185_122030331535368833_o.jpg
-rw-r--r--@   1 logan  staff      177268 Jan 13  2021 136799210_2880962455481227_3020286371197182672_n.jpg
-rw-r--r--@   1 logan  staff      260689 Jan 13  2021 137636735_737882133528745_7014017185396661058_n.jpg
-rw-r--r--@   1 logan  staff      100140 Apr  4  2017 13895568_1021430534642188_3869755184352674864_n.jpg
-rw-r--r--@   1 logan  staff      111659 Apr  4  2017 13902585_1021430437975531_8686141482551157144_n.jpg
-rw-r--r--@   1 logan  staff      320003 Apr  4  2017 14086242_1036641953121046_6653707000724651679_o.jpg
-rw-r--r--@   1 logan  staff      135147 Jul  5  2017 1718SALET.pdf
-rw-r--r--@   1 logan  staff      214058 Dec 26  2017 17966979_10154428278425770_7235233972406036063_o.jpg
-rw-r--r--@   1 logan  staff       52338 May  8  2017 18157925_10213081030328843_5263923533257002725_n.jpg
-rw-r--r--@   1 logan  staff      247425 May  8  2017 18238728_10209280737352158_5918259907504925188_o.jpg
-rw-r--r--@   1 logan  staff      245977 May  8  2017 18320511_10213194695570403_2571464296899258104_o.jpg
-rw-r--r--@   1 logan  staff      260352 Jun 22  2017 18673176_702117213308855_7540778572340867934_o.jpg
-rw-r--r--@   1 logan  staff   535847736 Nov  4  2019 191104_eame_0900AM-Meeting.mp4
-rw-r--r--@   1 logan  staff     3501226 Dec 23  2022 1ad1d043f0a7f6739079619293aee116.mp4
-rw-r--r--@   1 logan  staff     1117215 Jan 10  2020 200109_hjud_0130PM-Meeting (1).mp4
-rw-r--r--@   1 logan  staff     1117215 Jan 13  2020 200109_hjud_0130PM-Meeting (2).mp4
-rw-r--r--@   1 logan  staff     1117215 Jan 10  2020 200109_hjud_0130PM-Meeting.mp4
-rw-r--r--@   1 logan  staff    16167344 Feb  8  2020 200207_hjud_other_meet_time-Meeting.mp4
-rw-r--r--@   1 logan  staff      813170 Aug 22  2018 2018-08-09.pdf
-rw-r--r--@   1 logan  staff       36406 Feb  1  2021 2020 W2.pdf
-rw-r--r--@   1 logan  staff       22781 Feb  1  2021 202012_CountyTotals.xlsx
-rw-r--r--@   1 logan  staff       21904 Feb  1  2021 202012_LegislativeTotals.xlsx
-rw-r--r--@   1 logan  staff     6950734 Oct  9  2020 2020_GOB_10_October.pdf
-rw-r--r--@   1 logan  staff     1993496 Sep 18  2021 20210916_190020.jpg
-rw-r--r--@   1 logan  staff      352721 Jan 22  2022 2021_TaxReturn.pdf
-rw-r--r--@   1 logan  staff      395341 Aug  5  2022 2022-08-05-200033273.mp4
-rw-r--r--@   1 logan  staff      252548 Dec 23  2022 2022-12-23-232520483.mp4
-rw-r--r--@   1 logan  staff      299832 Dec 23  2022 2022-12-23-232600504.mp4
-rw-r--r--@   1 logan  staff      134798 Dec 23  2022 2022-12-23-232630257.mp4
-rw-r--r--@   1 logan  staff     2251048 Jan 22  2022 20220120_161634.jpg
-rw-r--r--@   1 logan  staff     2692970 Jan 22  2022 20220120_161643.jpg
-rw-r--r--@   1 logan  staff   863571538 Jan 22  2023 20220318_105231.mp4
-rw-r--r--@   1 logan  staff     4000304 Apr 22  2023 20220820_114352.jpg
-rw-r--r--@   1 logan  staff     2271777 Oct  2  2022 20221002_160028_2.jpg
-rw-r--r--@   1 logan  staff      857655 May 14  2024 2022_Primary_Canvass.zip
-rw-r--r--@   1 logan  staff      425757 Mar 11  2023 2022_TaxReturn.pdf
-rw-r--r--@   1 logan  staff     4890730 Apr 15  2024 20230501_195415.jpg
-rw-r--r--@   1 logan  staff     3481063 May  7  2023 20230501_195431.jpg
-rw-r--r--@   1 logan  staff     1065954 May 25  2023 20230524_205857~2.jpg
-rw-r--r--@   1 logan  staff   109470251 Sep  5  2023 20230905_233305.mp4
-rw-r--r--@   1 logan  staff     1933632 Dec 29  2023 20231229_144534 (1).jpg
-rw-r--r--@   1 logan  staff     4102501 Dec 29  2023 20231229_144534.jpg
-rw-r--r--@   1 logan  staff      149269 Oct  6  2024 20241006_160306.jpg
-rw-r--r--@   1 logan  staff      170561 Jul 28  2017 20294496_1398961736889064_3179675285577094924_n.jpg
-rw-r--r--@   1 logan  staff       94920 Jun 24  2024 2067610356_feb2936293_b.jpeg
-rw-r--r--@   1 logan  staff   910360516 Feb 11  2021 210114_jfac_0800AM-Meeting.mp4
-rw-r--r--@   1 logan  staff      114430 Sep  6  2017 21284695_1427351233969063_721958418_o.jpg
-rw-r--r--@   1 logan  staff      105821 Sep  6  2017 21284752_1427351307302389_1203929243_o.jpg
-rw-r--r--@   1 logan  staff      169422 Sep 29  2017 22119660_758685354318707_908700586_o.jpg
-rw-r--r--@   1 logan  staff       47776 Oct 30  2017 22185028_515004645505535_337691623_n.jpg
-rw-r--r--@   1 logan  staff      197296 Nov  3  2022 2640712335_dd5993cd4f_h.jpg
-rw-r--r--@   1 logan  staff      194315 Nov  3  2022 2640712945_96f8796ccc_o.jpg
-rw-r--r--@   1 logan  staff      257088 Nov  3  2022 2640719525_b89b7742de_o.jpg
-rw-r--r--@   1 logan  staff      241806 Nov  3  2022 2640728959_e49d6d5c86_o.jpg
-rw-r--r--@   1 logan  staff      268835 Nov  3  2022 2640732647_d704189838_o.jpg
-rw-r--r--@   1 logan  staff      226671 Nov  3  2022 2641549522_2a62330e6a_o.jpg
-rw-r--r--@   1 logan  staff      264349 Nov  3  2022 2641550028_914f9e0020_o.jpg
-rw-r--r--@   1 logan  staff      222838 Nov  3  2022 2641556472_2da6c127e4_o.jpg
-rw-r--r--@   1 logan  staff   551750496 Feb 28  2018 275 Competency Test 1v2.zip
-rw-r--r--@   1 logan  staff      270786 Jun 24  2022 288750113_535752654857387_4786021558941449138_n.jpg
-rw-r--r--@   1 logan  staff      943389 Jun 24  2022 289058897_535749188191067_4404256766956939406_n.jpg
-rw-r--r--@   1 logan  staff      458322 Jun 24  2022 289122624_535748798191106_3774382756313423251_n.jpg
-rw-r--r--@   1 logan  staff      790398 Jun 24  2022 289602450_535749744857678_9109939352536159375_n.jpg
-rw-r--r--@   1 logan  staff       60430 Jun 24  2022 289894264_535750188190967_8771698778975591686_n.jpg
-rw-r--r--@   1 logan  staff       20266 Dec 29  2023 2DMooo005400350000r071F7030B276621_231229_105624.pdf
-rw-r--r--@   1 logan  staff       20277 Dec 29  2023 2DMooo005576450000r0710AB1A1376621_231229_105548.pdf
drwx------@   4 logan  staff         128 Feb 11  2022 2_files_from_CVUP0211
-rw-r--r--@   1 logan  staff    53958395 Feb 11  2022 2_files_from_CVUP0211.zip
drwx------@   4 logan  staff         128 Feb 11  2022 2_files_from_Podcast
-rw-r--r--@   1 logan  staff    98052757 Feb 11  2022 2_files_from_Podcast.zip
-rw-r--r--@   1 logan  staff      282183 May 18  2018 32587418_1666276313490937_2467125950370807808_o.jpg
-rw-r--r--@   1 logan  staff       47737 Mar 11  2023 34Wooo002541010000r071A08635C36621.pdf
-rw-r--r--@   1 logan  staff     5549090 Oct 12  2023 376732__kleber_kgf__guitar-song-loop-1-connect-us-by-kleber-kgf.wav
-rw-r--r--@   1 logan  staff     1032378 Dec 23  2022 380bcd74aebc3509d7d56bc43a160db6.mp4
-rw-r--r--@   1 logan  staff      279137 Mar 11  2018 3850400059_a07e411834_b.jpg
drwxr-xr-x@   3 logan  staff          96 Mar  5  2021 3_files_from_IdahoPTV_Idaho_Public_Television
drwxr-xr-x@   3 logan  staff          96 Mar 19  2021 3_files_from_IdahoPTV_Idaho_Public_Television (1)
-rw-r--r--@   1 logan  staff    98947541 Mar 19  2021 3_files_from_IdahoPTV_Idaho_Public_Television (1).zip
-rw-r--r--@   1 logan  staff    98860393 Mar  5  2021 3_files_from_IdahoPTV_Idaho_Public_Television.zip
drwx------@   6 logan  staff         192 Feb 18  2022 3_files_from_podcast
-rw-r--r--@   1 logan  staff    98035128 Feb 18  2022 3_files_from_podcast.zip
drwxr-xr-x@   3 logan  staff          96 Apr 16  2021 4_16_Podcast_Elements
-rw-r--r--@   1 logan  staff    96230034 Apr 16  2021 4_16_Podcast_Elements.zip
drwxr-xr-x@   3 logan  staff          96 Apr  2  2021 4_2_Podcast
-rw-r--r--@   1 logan  staff    99545814 Apr  2  2021 4_2_Podcast.zip
drwxr-xr-x@   3 logan  staff          96 Apr  9  2021 4_9_Show_Elements
-rw-r--r--@   1 logan  staff    99407164 Apr  9  2021 4_9_Show_Elements.zip
-rw-r--r--@   1 logan  staff      105157 May 31  2019 5-Individual-Journals.pdf
-rw-r--r--@   1 logan  staff       30676 Apr 24  2017 5761d565651d769c2480ddd80af35d2a.png
-rw-r--r--@   1 logan  staff     1232552 May  3  2019 58873534_10101802860021264_460901874065735680_o.jpg
-rw-r--r--@   1 logan  staff     1236167 May  3  2019 59481759_10101802860071164_222174874355892224_o.jpg
-rw-r--r--@   1 logan  staff     2198428 Dec 23  2022 59b1eb7ae07515761d8d0a51c018d50c.mp4
-rw-r--r--@   1 logan  staff      173056 May  1  2022 6269c477dd50f228ee6f2e99_WINNERS_LIST_2022_4_27_22.xls
-rw-r--r--@   1 logan  staff      443209 Jan 21  2020 63681992_1369597929858953_7045271405247594496_o.png
-rw-r--r--@   1 logan  staff      377802 Dec 23  2022 643e7321da15a35754c96a96d8ec7f28.mp4
-rw-r--r--@   1 logan  staff       66856 Aug 25  2019 68961238_936569796697877_8533664142395965440_n.jpg
-rw-r--r--@   1 logan  staff       82386 Aug 25  2019 69024550_936569923364531_4194754709573074944_n.jpg
-rw-r--r--@   1 logan  staff      108178 Aug 25  2019 69378441_936586043362919_8605346326227451904_n.jpg
-rw-r--r--@   1 logan  staff     1527587 Oct  1  2020 75229514.pdf
-rw-r--r--@   1 logan  staff      744262 Oct 27  2020 76116407.pdf
-rw-r--r--@   1 logan  staff      869983 Apr  1  2021 77896877 (1).pdf
-rw-r--r--@   1 logan  staff      869983 Apr 17  2021 77896877 (2).pdf
-rw-r--r--@   1 logan  staff      869983 Dec 30  2020 77896877.pdf
-rw-r--r--@   1 logan  staff      869999 Jan 21  2021 78788216.pdf
-rw-r--r--@   1 logan  staff      870315 Feb 24  2021 79678227.pdf
-rw-r--r--@   1 logan  staff         217 Jun  4  2017 7uv56isk.midi
-rw-r--r--@   1 logan  staff      870280 Apr 17  2021 80570932 (1).pdf
-rw-r--r--@   1 logan  staff      870280 Apr  1  2021 80570932.pdf
-rw-r--r--@   1 logan  staff      870202 Apr 17  2021 81473697.pdf
-rw-r--r--@   1 logan  staff      910174 Jan  4  2022 88889824 (1).pdf
-rw-r--r--@   1 logan  staff      910174 Dec 20  2021 88889824.pdf
-rw-r--r--@   1 logan  staff      501551 Feb  6  2022 90752710.pdf
-rw-r--r--@   1 logan  staff     2083755 Dec 23  2022 94a264a228d3add6a7f3d3547791e1bb.mp4
-rw-r--r--@   1 logan  staff     5847029 Dec 23  2022 94e31af5dfb87f493063ab6fcce1571d.mp4
-rw-r--r--@   1 logan  staff      192221 Jun 24  2024 97797461_4ae2c4f764_b.jpeg
-rw-r--r--@   1 logan  staff  7058029628 Jan 25  2023 994_2979.MXF
-rw-r--r--@   1 logan  staff      100449 Dec  6  2024 A Change in Leadership Dec 6 2024.jpg
-rw-r--r--@   1 logan  staff    25805810 Nov  3  2018 ADE_4.5_Installer.dmg
-rw-r--r--@   1 logan  staff     2106285 Jun 24  2024 Abortion-rally-May22.jpg
-rw-r--r--@   1 logan  staff   162933165 Apr 13  2017 AcroRdrDC_1700920044_MUI.dmg
-rw-r--r--@   1 logan  staff    31689362 Apr 25 11:54 Additional_Tools_for_Xcode_14.2.dmg
-rw-r--r--@   1 logan  staff      316138 Oct  7  2022 Ag Debate Mz.jpg
-rw-r--r--@   1 logan  staff    73056383 Feb  1  2020 AmSt 301 Module 01.pptx
-rw-r--r--@   1 logan  staff   105600126 May  2  2020 AmazonMusicInstaller.dmg
-rw-r--r--@   1 logan  staff     1530038 Mar 31  2017 Application Form Ver 4.0.pdf
-rw-r--r--@   1 logan  staff      356674 Apr  5  2017 Application Tips.pdf
-rw-r--r--@   1 logan  staff      202371 Aug 10  2020 Application.pdf
-rw-r--r--@   1 logan  staff     4153659 Apr 14  2021 April 14, 2021, Daily Coronavirus Update _ Idaho Reports.mp4
-rw-r--r--@   1 logan  staff     4710818 Apr  6  2021 April 6, 2021, Daily Coronavirus Update.mp4
-rw-r--r--@   1 logan  staff   383306925 May 31  2024 Arc-1.44.3-50502.dmg
-rw-r--r--@   1 logan  staff       54950 Nov 17  2024 ArcRecoveryPhrase.png
-rw-r--r--@   1 logan  staff     6406125 Aug  7  2020 August 7, Daily Coronavirus Update _ Idaho Reports.mp4
-rw-r--r--@   1 logan  staff     1215203 Sep 15  2022 B1212EA2-A555-47EC-A000-50C63D3B.jpeg
-rw-r--r--@   1 logan  staff     3123712 Feb  5  2019 BROADCAST PPT REVIEW (RADIO).ppt
-rw-r--r--@   1 logan  staff      325256 Jul 28  2017 Band-Camp-Schedule.pdf
-rw-r--r--@   1 logan  staff   357797106 Sep 20  2019 Bennett Dismissal Files-20190920T231411Z-001.zip
-rw-r--r--@   1 logan  staff      113706 Feb  8  2025 Bible Finger Puppets 36.jpeg
-rw-r--r--@   1 logan  staff       23853 Jan 24  2022 Boat Sticker Fee Analysis.xlsx
-rw-r--r--@   1 logan  staff      330579 Mar 16  2019 Budgeting-20190316T224741Z-001.zip
-rw-r--r--@   1 logan  staff     4465811 Nov  8  2018 Bump in the Night.mp3
drwxr-xr-x@   3 logan  staff          96 Nov 13  2020 Burdick_audio_for_podcast
-rw-r--r--@   1 logan  staff    35814044 Nov 13  2020 Burdick_audio_for_podcast.zip
-rw-r--r--@   1 logan  staff     1907615 Apr  9  2021 Burgoyne, Grant.jpg
drwxr-xr-x@   3 logan  staff          96 Oct  9  2020 CD1_debate_for_podcast
-rw-r--r--@   1 logan  staff   998894184 Oct  9  2020 CD1_debate_for_podcast.zip
drwxr-xr-x@   3 logan  staff          96 Oct 12  2020 CD2_debate_audio
-rw-r--r--@   1 logan  staff   112400325 Oct 12  2020 CD2_debate_audio.zip
-rw-r--r--@   1 logan  staff     2213780 Aug 20  2021 CVUP0820.mp3
-rw-r--r--@   1 logan  staff     2974728 Oct 29  2021 CVUP1029_podcast.mp3
-rw-r--r--@   1 logan  staff     2973894 Nov 26  2021 CVUP1126-podcast.mp3
-rw-r--r--@   1 logan  staff      300055 Jul 28  2017 Calendar.pdf
-rw-r--r--@   1 logan  staff      455732 Feb 22  2023 Cash-1099.pdf
-rw-r--r--@   1 logan  staff   704636731 Apr 25 11:54 Command_Line_Tools_for_Xcode_14.2.dmg
-rw-r--r--@   1 logan  staff   983930736 Sep 14  2020 Copied_DIA podcast promo.zip
-rw-r--r--@   1 logan  staff     2891260 May  6  2022 Crane Idaho Reports.mp4
-rw-r--r--@   1 logan  staff     2008938 May  7  2022 Crane, Brent.jpg
-rw-r--r--@   1 logan  staff    33718036 Nov 10  2022 Crapo speech.wav
-rw-r--r--@   1 logan  staff       69736 Jan 29  2018 Critique 1-25-2018.pdf
-rw-r--r--@   1 logan  staff      113035 May 24  2022 D21.png
drwx------@   9 logan  staff         288 Apr  3  2022 DODONGO - DODONGO
-rw-r--r--@   1 logan  staff    26553132 Apr  3  2022 DODONGO - DODONGO.zip
-rw-r--r--@   1 logan  staff       98326 Oct  1  2017 DS11_Complete.pdf
-rw-r--r--@   1 logan  staff     1869085 Feb 10  2018 David_Szesztay_-_Coffee_Shop.mp3
-rw-r--r--@   1 logan  staff     5416009 Dec  1  2020 December 1, Daily Coronavirus Update _ Idaho Reports.mp4
-rw-r--r--@   1 logan  staff     5023517 Dec 10  2020 December 10, Daily Coronavirus Update.mp4
-rw-r--r--@   1 logan  staff     5365157 Dec 11  2020 December 11, Daily Coronavirus Update.mp4
-rw-r--r--@   1 logan  staff     4670407 Dec  2  2020 December 2, Daily Coronavirus Update _ Idaho Reports.mp4
-rw-r--r--@   1 logan  staff    12446442 Mar  4  2019 Dee_Yan-Key_-_01_-_Lively.mp3
-rw-r--r--@   1 logan  staff     7503776 Mar  4  2019 Dee_Yan-Key_-_04_-_Quickly.mp3
-rw-r--r--@   1 logan  staff    38155955 Sep 14  2020 Dialogue Podcast Promo .mp4
-rw-r--r--@   1 logan  staff    37155249 Sep 14  2020 Dialogue Podcast Promo-.mp4
drwxr-xr-x@   3 logan  staff          96 Aug 25  2020 Dialogue Podcast Template
-rw-r--r--@   1 logan  staff    27054529 Aug 25  2020 Dialogue Podcast Template.zip
-rw-r--r--@   1 logan  staff    20683317 Oct  7  2020 DialoguePodcastSansSunValleyLogoTemplate.psd.zip
-rw-r--r--@   1 logan  staff       10359 Aug 30  2017 Directory.xlsx
-rw-r--r--@   1 logan  staff   181212672 Jun 28  2024 Discord.dmg
-rw-r--r--@   1 logan  staff      614511 Feb  8  2025 Dragon Hoard by Adam Paquette.jpg
-rw-r--r--@   1 logan  staff     4589749 Dec 21  2021 EOSWebcamUtility-MAC1.0.pkg.zip
-rw-r--r--@   1 logan  staff    28265166 May 12  2019 Elolo's Story.mp4
-rw-r--r--@   1 logan  staff      565650 Apr 26  2017 EnrollmentCertificate.pdf
-rw-r--r--@   1 logan  staff    57074321 May 26  2020 EpicInstaller-10.15.2.dmg
-rw-r--r--@   1 logan  staff   241404575 May 12  2017 Eval2_Gilbert_Rocky_Whitney_Claire_Taylor_Taylor_side2.MOV
-rw-r--r--@   1 logan  staff   246238602 May 12  2017 Eval2_Taylor_Rocky_Gilbert_side1.MOV
-rw-r--r--@   1 logan  staff      215968 Apr  5  2017 ExperCred.pdf
-rw-r--r--@   1 logan  staff      103417 Apr 15  2024 F1040X_2024-04-15_1713227431533.pdf
-rw-r--r--@   1 logan  staff      299052 Feb 28  2024 FEDERALWORKSHEETS_2024-02-28_1709180357233.pdf
-rw-r--r--@   1 logan  staff      299063 Apr 15  2024 FEDERALWORKSHEETS_2024-04-15_1713227435951.pdf
-rw-r--r--@   1 logan  staff       79572 Aug 31  2022 FINNEY_51066.pdf
-rw-r--r--@   1 logan  staff      172461 Feb 28  2024 FTF_2024-02-28_1709178435383.pdf
-rw-r--r--@   1 logan  staff      272668 Feb 28  2024 FTF_2024-02-28_1709180355570.pdf
-rw-r--r--@   1 logan  staff      201439 Apr 15  2024 FTF_2024-04-15_1713227433337.pdf
-rw-r--r--@   1 logan  staff      207596 Apr 15  2024 FTF_2024-04-15_1713227434526.pdf
-rw-r--r--@   1 logan  staff     4687062 Feb 10  2021 February 10, Daily Coronavirus Update _ Idaho Reports.mp4
-rw-r--r--@   1 logan  staff     5421438 Feb 17  2021 February 17, Daily Coronavirus Update _ Idaho Reports.mp4
-rw-r--r--@   1 logan  staff     4623277 Feb 22  2021 February 22, Daily Coronavirus Update _ Idaho Reports.mp4
-rw-r--r--@   1 logan  staff     9453226 Dec 25  2017 Finney_-104.jpg
-rw-r--r--@   1 logan  staff    11419916 Dec 25  2017 Finney_-111.jpg
-rw-r--r--@   1 logan  staff    10598454 Dec 25  2017 Finney_-16 (1).jpg
-rw-r--r--@   1 logan  staff    10598454 Jul 26  2017 Finney_-16.jpg
-rw-r--r--@   1 logan  staff    11213521 Dec 25  2017 Finney_-29.jpg
-rw-r--r--@   1 logan  staff    11090284 Dec 25  2017 Finney_-37.jpg
-rw-r--r--@   1 logan  staff    15688039 Dec 25  2017 Finney_-46.jpg
-rw-r--r--@   1 logan  staff    12386547 Dec 25  2017 Finney_-56.jpg
-rw-r--r--@   1 logan  staff     7434958 Dec 25  2017 Finney_-63.jpg
-rw-r--r--@   1 logan  staff    11921438 Dec 25  2017 Finney_-75.jpg
-rw-r--r--@   1 logan  staff    17372015 Dec 25  2017 Finney_-90.jpg
-rw-r--r--@   1 logan  staff    16857207 Jul 26  2017 Finney_-92 (1).jpg
-rw-r--r--@   1 logan  staff    16857207 Jul 26  2017 Finney_-92.jpg
-rw-r--r--@   1 logan  staff    17107170 Dec 25  2017 Finney_-99.jpg
-rw-r--r--@   1 logan  staff     9489946 Jul 26  2017 Finney_BW-97.jpg
-rw-r--r--@   1 logan  staff     9401696 Jul 26  2017 Finney_BW-99.jpg
-rw-r--r--@   1 logan  staff      133169 May  6 22:00 Firecrawl Web Interaction.zip
-rw-r--r--@   1 logan  staff    55551594 Mar 31  2018 Firefox 59.0.2.dmg
-rw-r--r--@   1 logan  staff       50800 Feb  8  2025 First Presidency High Resolution Cropped.jpg
-rw-r--r--@   1 logan  staff  6555079450 May 29  2020 Full May 28th Presser.mp4
-rw-r--r--@   1 logan  staff  2129523286 Jul 27  2017 Full Sized Photos-20170727T041504Z-001.zip
-rw-r--r--@   1 logan  staff     1292368 Sep 19  2017 FullSizeRender 2.jpg
-rw-r--r--@   1 logan  staff      405385 Oct 16  2017 FullSizeRender 3.jpg
-rw-r--r--@   1 logan  staff     1368827 Sep  8  2017 FullSizeRender.jpg
drwxr-xr-x@   4 logan  staff         128 Jun 19  2020 Futura Book Regular
-rw-r--r--@   1 logan  staff       31684 Jun 19  2020 Futura Book Regular.zip
drwx------@  22 logan  staff         704 Apr  8  2025 Futura Font
-rw-r--r--@   1 logan  staff      485556 Apr  8  2025 Futura Font.zip
-rw-r--r--@   1 logan  staff        4670 Feb  6  2021 GC21BZ3.gpx
-rw-r--r--@   1 logan  staff   112890734 Jan 11  2022 GLSS2022-Podcast (1).mp3
-rw-r--r--@   1 logan  staff   112890734 Jan 11  2022 GLSS2022-Podcast.mp3
-rw-r--r--@   1 logan  staff  4086408583 Jun  5  2020 GOV Unemployment presser full length_social.mp4
-rw-r--r--@   1 logan  staff      277045 Jul  9  2024 GSEbvdUawAA3lBY.jpg
-rw-r--r--@   1 logan  staff     6717193 Mar 18  2019 Getting it Done.mp3
-rw-r--r--@   1 logan  staff     2062451 Jan  7  2021 GoTo Opener.dmg
drwxr-xr-x@  52 logan  staff        1664 Apr  2  2020 Google_Podcasts_Badges
-rw-r--r--@   1 logan  staff     4986499 Jan 19  2022 Google_Podcasts_Badges.zip
-rw-r--r--@   1 logan  staff    55188884 May  1  2020 Gov Q and A 4-30-20.mp3
-rw-r--r--@   1 logan  staff   237557480 Apr 24 21:53 Granola - AI Notepad.dmg
-rw-r--r--@   1 logan  staff   194563268 Nov 29  2025 Horse Darwin 0.74.1.zip
-rw-r--r--@   1 logan  staff   195553238 Apr 24 17:06 Horse Darwin 0.75.2.zip
drwxr-xr-x@   3 logan  staff          96 Sep 29  2025 Horse.app
-rw-r--r--@   1 logan  staff  1009077630 Mar 10  2020 HouseChambers02-27-2020.mp4
-rw-r--r--@   1 logan  staff     1178153 May 24  2024 IDRE5228_Mz.jpg
drwx------@   6 logan  staff         192 Jul  3  2019 IKEA-SOFFA-VALLENTUNA-Sans
-rw-r--r--@   1 logan  staff    16757283 Jul  3  2019 IKEA-SOFFA-VALLENTUNA-Sans.zip
-rw-r--r--@   1 logan  staff     8448048 Apr  7  2017 ILYSB MST15.mp3
-rwxr-xr-x@   1 logan  staff     5318664 Dec 25  2017 IMG_0109.JPG
-rw-r--r--@   1 logan  staff     4145645 Jun  8  2023 IMG_1079.JPG
-rw-r--r--@   1 logan  staff       42063 Jun 24  2024 IMG_1475-620x596.jpeg
-rw-r--r--@   1 logan  staff     1160980 Mar 22  2017 IMG_3717.JPG
-rw-r--r--@   1 logan  staff     1925310 Sep 16  2017 IMG_4251.JPG
-rw-r--r--@   1 logan  staff      147427 Sep 25  2017 IMG_4264.JPG
-rw-r--r--@   1 logan  staff     1268483 Nov  7  2017 IMG_4317.JPG
-rw-r--r--@   1 logan  staff     1138825 Nov  7  2017 IMG_4318.JPG
-rw-r--r--@   1 logan  staff     1149456 Nov  7  2017 IMG_4319.JPG
-rw-r--r--@   1 logan  staff     1240067 Nov  7  2017 IMG_4320.JPG
-rw-r--r--@   1 logan  staff     1441868 Nov  8  2017 IMG_4331.JPG
-rw-r--r--@   1 logan  staff     1293849 Nov  8  2017 IMG_4332.JPG
-rw-r--r--@   1 logan  staff     1542542 Nov 17  2017 IMG_4343.JPG
-rw-r--r--@   1 logan  staff     1902718 Nov 17  2017 IMG_4344.JPG
-rw-r--r--@   1 logan  staff     1649640 Nov 17  2017 IMG_4346.JPG
-rw-r--r--@   1 logan  staff     1825428 Nov 17  2017 IMG_4347.JPG
-rw-r--r--@   1 logan  staff     1425936 Nov 17  2017 IMG_4351.JPG
-rw-r--r--@   1 logan  staff     1811651 Nov 17  2017 IMG_4352.JPG
-rw-r--r--@   1 logan  staff   212666900 Sep 28  2022 IR Jim Jones podcast raw converted.wav
-rw-r--r--@   1 logan  staff   197429836 Apr 30  2020 IR Update 043020_social.mp4
-rw-r--r--@   1 logan  staff   228904509 May 26  2020 IR Update 052620_social.mp4
-rw-r--r--@   1 logan  staff     3839750 May 27  2020 IR Update 052720_social.m4a
-rw-r--r--@   1 logan  staff   222422418 May 27  2020 IR Update 052720_social.mp4
-rw-r--r--@   1 logan  staff     3814743 May 28  2020 IR Update 052820_social.m4a
-rw-r--r--@   1 logan  staff   240331980 May 28  2020 IR Update 052820_social.mp4
-rw-r--r--@   1 logan  staff   212253260 Jun  9  2020 IR Update 060920_social.mp4
-rw-r--r--@   1 logan  staff   215153816 Jun 10  2020 IR Update 061020_social.mp4
-rw-r--r--@   1 logan  staff   244485055 Jun 12  2020 IR Update 061120_social.mp4
-rw-r--r--    1 logan  staff     1622865 Sep 13  2021 IR special Crisis Care EDIT.jpg
-rw-r--r--@   1 logan  staff      291893 Sep 13  2021 IR special Crisis Care_Mz.jpg
-rw-r--r--@   1 logan  staff      914217 Jun 24  2024 IR-File-Photos-1508.jpg
-rw-r--r--@   1 logan  staff      676274 Nov  6  2025 IR-File-Photos-1520.jpg
-rw-r--r--@   1 logan  staff     2345123 Nov  6  2025 IR-File-Photos-1531.jpg
-rw-r--r--@   1 logan  staff     1535849 May 29  2020 IR4822 MEZZ Photo.png
drwxr-xr-x@   3 logan  staff          96 Aug  7  2020 IR4831_audio
-rw-r--r--@   1 logan  staff    56176433 Aug  7  2020 IR4831_audio.zip
-rw-r--r--@   1 logan  staff      219250 Oct 29  2021 IR5001_Mz.jpg
-rw-r--r--@   1 logan  staff     1144066 Dec  2  2022 IR5107_Mz.jpg
-rw-r--r--@   1 logan  staff    26498199 Jun 29  2022 IRPOD 0622 MIX.mp3
-rw-r--r--@   1 logan  staff   105189432 May 26  2022 IRPOD0525-mix.mp3
-rw-r--r--@   1 logan  staff    41845667 Apr 29  2022 IRUP0429-Social.mp4
-rw-r--r--@   1 logan  staff    41731394 May 27  2022 IRUP0527-Social.mp4
-rw-r--r--@   1 logan  staff         226 Jun  4  2017 IV-V-I_in_C.mid
-rw-r--r--@   1 logan  staff   220409598 Aug 26  2021 Idaho Reports Special_ Hospitals in Crisis.mp4
-rw-r--r--@   1 logan  staff   100715232 May 26  2022 Idaho Reports web extra_ Legislative luncheon.mp4
-rw-r--r--@   1 logan  staff   380642683 May 26  2022 Idaho Reports_ School safety round-table.mp4
-rw-r--r--@   1 logan  staff   129922175 May 26  2022 Idaho Reports_ School walk-out.mp4
-rw-r--r--@   1 logan  staff    27912992 Sep 13  2021 Idaho Reports_ The Consequences of Crisis Care.m4a
-rw-r--r--@   1 logan  staff   196693803 Sep 13  2021 Idaho Reports_ The Consequences of Crisis Care.mp4
-rw-r--r--@   1 logan  staff       94273 Jan 24  2022 Idaho-Supreme-Court.jpeg
drwxr-xr-x@   3 logan  staff          96 Oct 15  2020 Idaho_Debates_Senate
drwxr-xr-x@   4 logan  staff         128 Oct 15  2020 Idaho_Debates_Senate 2
-rw-r--r--@   1 logan  staff  1027677019 Oct 15  2020 Idaho_Debates_Senate.zip
-rw-r--r--@   1 logan  staff      278623 Jun 30  2022 Idahoans protest the pending Dobbs decision in downtown Boise on May 14, 2022 Morgan McCollum.jpeg
-rw-r--r--@   1 logan  staff     4851407 Dec 16  2022 Image.jpeg
-rw-r--r--@   1 logan  staff    45983466 Aug 26  2019 InstallPhotosBackupAndSync.dmg
-rw-r--r--@   1 logan  staff     5406291 Jan 12  2021 January 12, Daily Coronavirus Update.mp4
-rw-r--r--@   1 logan  staff     5298150 Jan 20  2021 January 20, Daily Coronavirus Update _ Idaho Reports.mp4
-rw-r--r--@   1 logan  staff     7305594 Jul 29  2020 July 29, Daily Coronavirus Update _ Idaho Reports.mp4
drwx------@   6 logan  staff         192 Jan 28  2022 L03
-rw-r--r--@   1 logan  staff     1717336 Jan 28  2022 L03.zip
drwx------@   5 logan  staff         160 Feb 28  2024 L_FINNEY20240228221325912499039
-rw-r--r--@   1 logan  staff      675626 Feb 28  2024 L_FINNEY20240228221325912499039.zip
-rw-r--r--@   1 logan  staff      331937 Jan 14  2020 Lake Pend Oreille School District 84 _ 10018864 _ Idaho School Benefit Trust HSA POS _ 2000 _ 09_01_19 _ PPO _ 2019 _ AHCR _.pdf
-rw-r--r--@   1 logan  staff      531217 Apr 11  2017 Lake-Pend-Oreille.jpg
-rw-r--r--@   1 logan  staff       38310 Apr  9  2018 Ledger - REPORT-1.pdf
-rw-r--r--@   1 logan  staff       38310 Apr  9  2018 Ledger - REPORT.pdf
-rw-r--r--@   1 logan  staff    39850338 Nov 10  2022 Little Acceptance.mp4
-rw-r--r--@   1 logan  staff    69859160 Nov 10  2022 Little speech trim.wav
-rw-r--r--@   1 logan  staff    36823860 Nov 10  2022 Little speech.wav
-rw-r--r--@   1 logan  staff        9658 May 17  2017 LoganFinneyProfile.pdf
drwxr-xr-x@   3 logan  staff          96 Aug  6  2017 Lorde
drwx------@  10 logan  staff         320 Apr  3  2022 Louie Zong - greenhouse
-rw-r--r--@   1 logan  staff    24369393 Apr  3  2022 Louie Zong - greenhouse.zip
drwx------@  10 logan  staff         320 Apr  3  2022 Louie Zong - pigeon!
-rw-r--r--@   1 logan  staff    27487942 Apr  3  2022 Louie Zong - pigeon!.zip
drwx------@  10 logan  staff         320 Apr  3  2022 Louie Zong - pigeon- too!
-rw-r--r--@   1 logan  staff    31938906 Apr  3  2022 Louie Zong - pigeon- too!.zip
drwx------@   9 logan  staff         288 Apr  3  2022 Louie Zong - surfin' GBA
-rw-r--r--@   1 logan  staff    26777000 Apr  3  2022 Louie Zong - surfin' GBA.zip
drwx------@   7 logan  staff         224 Apr  3  2022 Louie Zong - ¡kirbia!
-rw-r--r--@   1 logan  staff    18416988 Apr  3  2022 Louie Zong - ¡kirbia!.zip
-rw-r--r--@   1 logan  staff  2624501577 Dec 13  2021 LtGovEduTaskforce072921_1 (1).mp4
-rw-r--r--@   1 logan  staff      688844 Oct 27  2018 M4A+logo.ai
-rw-r--r--@   1 logan  staff     5367296 Mar  1  2021 March 1, 2021, Daily Coronavirus Update _ Idaho Reports.mp4
-rw-r--r--@   1 logan  staff     4944214 Mar 11  2021 March 11, 2021, Daily Coronavirus Update.mp4
-rw-r--r--@   1 logan  staff     4554347 Mar 23  2021 March 23, 2021, Daily Coronavirus Update.mp4
-rw-r--r--@   1 logan  staff     5024303 Mar  9  2021 March 8, 2021, Daily Coronavirus Update _ Idaho Reports.mp4
-rw-r--r--@   1 logan  staff     5793140 Feb 17  2022 Marcia in library with dust removed.tif
-rw-r--r--@   1 logan  staff      339115 Feb 25  2020 Media-Center_Public-Room_Idaho_MorleyNelson-SafeShootingMap.pdf
-rw-r--r--@   1 logan  staff     7706089 Mar 18  2019 Mighty Like Us.mp3
drwxr-xr-x@   6 logan  staff         192 Jun 16  2017 MoreColorMorePride
drwxr-xr-x@   6 logan  staff         192 Jun  8  2017 MoreColorMorePride 2
-rw-r--r--@   1 logan  staff     4320639 Dec 16  2022 My project-1.jpg
-rw-r--r--@   1 logan  staff    44483998 Jun 29  2024 Node 18.14.2 Linux x64.tar.gz
-rw-r--r--@   1 logan  staff       13653 Jun 29  2022 OI QR Code.xlsx
-rw-r--r--@   1 logan  staff   213334249 Jul  3 08:30 Obsidian-1.12.7.dmg
-rw-r--r--@   1 logan  staff   170318743 Aug 17  2023 Obsidian-1.3.7-universal.dmg
-rw-r--r--@   1 logan  staff     4661653 Oct 21  2020 October 21, Daily Coronavirus Update _ Idaho Reports.mp4
-rw-r--r--@   1 logan  staff     1076976 Sep 25  2024 OneDrive_1_9-25-2024.zip
-rw-r--r--@   1 logan  staff      629825 Oct  8  2025 PTV-APPLICATION.pdf
-rw-r--r--@   1 logan  staff      100292 Oct  8  2025 PTV-COVER_LETTER.pdf
-rw-r--r--@   1 logan  staff       84518 Oct  8  2025 PTV-RESUME.pdf
-rw-r--r--@   1 logan  staff     2462263 May 18  2024 PXL_20240129_071519386.jpg
-rw-r--r--@   1 logan  staff      102120 Apr 15  2024 Pay1040 - IRS Authorized Payment Provider.pdf
-rw-r--r--@   1 logan  staff       50102 Mar 10  2025 Paystub_Gilberto.pdf
-rw-r--r--@   1 logan  staff        8515 Mar 10  2025 Paystub_Logan.pdf
-rw-r--r--@   1 logan  staff      273487 Mar 10  2025 Paystub_Nathan.PNG
-rw-r--r--@   1 logan  staff     3432110 May 31  2025 Photo May 30 2025.jpg
drwx------@   3 logan  staff          96 Jun 24  2019 Photos (2)
-rw-r--r--@   1 logan  staff    10043441 Jun 24  2019 Photos (2).zip
drwx------@   3 logan  staff          96 Jun 24  2019 Photos (3)
-rw-r--r--@   1 logan  staff     7773509 Jun 24  2019 Photos (3).zip
drwx------@  20 logan  staff         640 Jan 17  2023 Photos-001
drwx------@  18 logan  staff         576 Apr 26  2023 Photos-001 (1)
-rw-r--r--@   1 logan  staff    13361082 Apr 25  2023 Photos-001 (1).zip
-rw-r--r--@   1 logan  staff   611092171 Jan 17  2023 Photos-001.zip
drwxr-xr-x@   3 logan  staff          96 Feb 12  2021 Podcast
-rw-r--r--@   1 logan  staff    98742052 Feb 12  2021 Podcast.zip
drwxr-xr-x@   3 logan  staff          96 Apr 30  2021 Podcast_Stuff
-rw-r--r--@   1 logan  staff    98571618 Apr 30  2021 Podcast_Stuff.zip
drwxr-xr-x@   3 logan  staff          96 Feb 26  2021 Podcast_and_image
-rw-r--r--@   1 logan  staff    56500376 Feb 26  2021 Podcast_and_image.zip
-rw-r--r--@   1 logan  staff      113338 Jul 23  2021 PolicyNumber-81338463-InstallmentSchedule.pdf
-rw-r--r--@   1 logan  staff      382013 Dec 22  2021 PolicyNumber-81338463-Renewal.pdf
-rw-r--r--@   1 logan  staff       76104 Dec 22  2021 PolicyNumber-81338463-RequestCancel.pdf
drwxr-xr-x@   6 logan  staff         192 Mar 30  2018 Premiere Pro Workshop
-rw-r--r--@   1 logan  staff    81143943 Mar 30  2018 Premiere Pro Workshop-20180330T221955Z-001.zip
-rw-r--r--@   1 logan  staff     2284770 Mar 30  2018 Premiere_Pro_Installer.dmg
drwxr-xr-x@   8 logan  staff         256 Feb 19  2020 Proposed legislation
-rw-r--r--@   1 logan  staff     2011373 Mar  1  2019 Quicken.dmg
-rw-r--r--@   1 logan  staff      961849 May  1  2019 RAM.zip
-rw-r--r--@   1 logan  staff      629737 Oct  7  2025 RESUME (1).pdf
-rw-r--r--@   1 logan  staff      629825 Nov  4  2025 RESUME (2).pdf
-rw-r--r--@   1 logan  staff       81829 Sep 25  2024 RESUME.pdf
-rw-r--r--@   1 logan  staff       22810 Sep 25  2020 Receipt-1855-547231-2020-09-25-13-43-46.pdf
-rw-r--r--@   1 logan  staff   143200237 May 28  2021 Rep. Lauren Necochea _ Tax Policy Priorities _ Idaho Reports.mp4
-rw-r--r--@   1 logan  staff      103376 Jul  2  2022 Request for Recurring Form.pdf
-rw-r--r--@   1 logan  staff    70384551 May 12  2019 S H E - Togo Interview with Dr. Romuald Afatchao (1).mp4
-rw-r--r--@   1 logan  staff    51966366 May 12  2019 S H E - Togo Interview with Dr. Romuald Afatchao (2).mp4
-rw-r--r--@   1 logan  staff    69279433 May 12  2019 S H E - Togo Interview with Dr. Romuald Afatchao.mp4
-rw-r--r--@   1 logan  staff    20719401 May 12  2019 S H E is Self-Determined.mp4
-rw-r--r--@   1 logan  staff     3332653 Nov  3  2022 SJR102+advisory-question.jpg
drwxr-xr-x@   3 logan  staff          96 Jan 12  2021 SOS_Pundit_Audio
-rw-r--r--@   1 logan  staff    52406399 Jan 12  2021 SOS_Pundit_Audio.zip
-rw-r--r--@   1 logan  staff      751035 Dec 14  2022 SSRN-id3841854.pdf
-rw-r--r--@   1 logan  staff      219383 Feb 28  2024 STF_2024-02-28_1709180370304.pdf
-rw-r--r--@   1 logan  staff      153871 Apr 15  2024 STF_2024-04-15_1713227443483.pdf
-rw-r--r--@   1 logan  staff      154226 Apr 15  2024 STF_2024-04-15_1713227445057.pdf
-rw-r--r--@   1 logan  staff      592203 Feb  8  2025 Salt Lake City Temple 2006.jpg
-rw-r--r--@   1 logan  staff     9942574 Feb 18  2019 SamsungPortableSSD_Setup_Mac.zip
-rw-r--r--@   1 logan  staff      257852 Dec 15  2022 Scan.jpeg
-rw-r--r--@   1 logan  staff     1893257 Apr  2  2020 Screen Recording 2020-03-30 at 6.18.39 AM.mov
-rw-r--r--@   1 logan  staff     1274996 May 10  2019 Screenshot_2019-05-10-11-57-35 (1).png
-rw-r--r--@   1 logan  staff     1679478 May 10  2019 Screenshot_2019-05-10-11-57-35.png
-rw-r--r--@   1 logan  staff     2301321 Apr 21  2020 Screenshot_20200418-221053.png
-rw-r--r--@   1 logan  staff      244790 May 31  2021 Screenshot_20210530-011126_Facebook_2.jpg
-rw-r--r--@   1 logan  staff      255661 Jan 29  2022 Screenshot_20220129-232421_Chrome.jpg
-rw-r--r--@   1 logan  staff      244782 Nov 18  2024 Screenshot_20240729-140451.png
-rw-r--r--@   1 logan  staff       17382 Feb  8  2025 Scrooge McDuck (1).jpg
-rw-r--r--@   1 logan  staff      519180 Feb  8  2025 Scrooge McDuck Thumbnail.jpg
-rw-r--r--@   1 logan  staff      119052 Feb  8  2025 Scrooge McDuck.jpg
-rw-r--r--@   1 logan  staff    98074964 Apr  2  2021 Sen. Carl Crabtree _ Public Education Plans _ Idaho Reports.mp4
-rw-r--r--@   1 logan  staff   930179545 Mar 28  2025 Senate Chambers Mar 28 2025.mp4
-rw-r--r--@   1 logan  staff     6179670 Sep 10  2020 September 10, Daily Coronavirus Update.mp4
-rw-r--r--@   1 logan  staff     5083273 Sep 16  2020 September 16, Daily Coronavirus Update _ Idaho Reports.mp4
-rw-r--r--@   1 logan  staff     5491363 Sep 22  2020 September 22, Daily Coronavirus Update.mp4
drwxr-xr-x@   3 logan  staff          96 Mar 26  2021 Show_elements
-rw-r--r--@   1 logan  staff    99122035 Mar 26  2021 Show_elements.zip
-rw-r--r--@   1 logan  staff      201578 Feb  8  2025 Smaug Conversation.png
-rw-r--r--@   1 logan  staff      294942 Feb  8  2025 Smaug.webp
-rw-r--r--@   1 logan  staff    60308138 Jan 16  2021 Sp Sess clip for Logan.mp4
-rw-r--r--@   1 logan  staff     1472290 Nov  8  2018 Spiders Web.mp3
-rw-r--r--@   1 logan  staff   555322068 Jun 12  2020 Stage 4 full press conference 061120_podcast.wav
-rw-r--r--@   1 logan  staff      402261 Aug 25  2021 State of Idaho _ 10040000 _ PPO _ 350 _ 07_01_21 _ PPO _ 2021 _ AHCR _.pdf
-rw-r--r--@   1 logan  staff       70864 Mar 11  2018 Statement March 2018 (1).pdf
-rw-r--r--@   1 logan  staff       70864 Mar 11  2018 Statement March 2018.pdf
-rw-r--r--@   1 logan  staff   196748790 Aug 26  2018 Stellarium-0.18.2.dmg
-rw-r--r--@   1 logan  staff   126744364 Aug 22  2022 StonewallZine.Final.issuu.pdf
drwx------@   4 logan  staff         128 May 15  2025 Super Shiny Font
-rw-r--r--@   1 logan  staff       55065 May 15  2025 Super Shiny Font.zip
-rw-r--r--@   1 logan  staff   548157697 Jul 12  2020 TableauPublic-2020-2-2.dmg
-rw-r--r--@   1 logan  staff      180726 Apr 15  2024 Tax Payment Portal.pdf
-rw-r--r--@   1 logan  staff     9501174 Nov  8  2018 Tenebrous Brothers Carnival - Act One.mp3
-rw-r--r--@   1 logan  staff    22282626 Feb  4  2023 The Devil's in the Details _ House Speaker Mike Moyle _ Idaho Reports.m4a
-rw-r--r--@   1 logan  staff   156785311 Feb  4  2023 The Devil's in the Details _ House Speaker Mike Moyle _ Idaho Reports.mp4
-rw-r--r--@   1 logan  staff   484590200 May  8  2019 The RAM Examiner Episode 3.wav
-rw-r--r--@   1 logan  staff     8598815 Nov  8  2018 This House.mp3
-rw-r--r--@   1 logan  staff     1120351 Nov  1  2018 Tim Faust LEWISTON Facebook event.jpg
-rw-r--r--@   1 logan  staff      332526 Nov  1  2018 Tim Faust LEWISTON flyer.pdf
-rw-r--r--@   1 logan  staff   220529729 Aug 24  2022 TwitchStudio_[usher-750887452][referrer-prospects].dmg
-rw-r--r--@   1 logan  staff        1310 Nov  3  2018 URLLink.acsm
-rw-r--r--@   1 logan  staff   200425394 May  1  2020 US Senate Debate Q & A-proof01.mp4
-rw-r--r--@   1 logan  staff        6535 Feb 12  2021 UT_RPT_Invoice_Template69_Summary (1).pdf
-rw-r--r--@   1 logan  staff        6539 Mar  6  2021 UT_RPT_Invoice_Template69_Summary (2).pdf
-rw-r--r--@   1 logan  staff        6535 Apr  2  2021 UT_RPT_Invoice_Template69_Summary (3).pdf
-rw-r--r--@   1 logan  staff        6535 Apr  2  2021 UT_RPT_Invoice_Template69_Summary (4).pdf
-rw-r--r--@   1 logan  staff        6535 Apr  6  2021 UT_RPT_Invoice_Template69_Summary (5).pdf
-rw-r--r--@   1 logan  staff        6552 May 10  2021 UT_RPT_Invoice_Template69_Summary (6).pdf
-rw-r--r--@   1 logan  staff        6538 Jun  4  2021 UT_RPT_Invoice_Template69_Summary (7).pdf
-rw-r--r--@   1 logan  staff        6553 Dec 11  2021 UT_RPT_Invoice_Template69_Summary (8).pdf
-rw-r--r--@   1 logan  staff        6553 Dec 21  2021 UT_RPT_Invoice_Template69_Summary (9).pdf
-rw-r--r--@   1 logan  staff        6640 Oct  1  2020 UT_RPT_Invoice_Template69_Summary.pdf
-rw-r--r--@   1 logan  staff      104902 Apr 24 22:00 Uninstall Creative Cloud.zip
drwx------@   5 logan  staff         160 Dec 16  2021 Uninstall_mac_pkg_All_Apps
-rw-r--r--@   1 logan  staff   370457487 Jul 15  2020 Update assets.zip
drwx------@  34 logan  staff        1088 Nov 19  2018 Various Artists - Voyager Golden Record
-rw-r--r--@   1 logan  staff   205139656 Nov 19  2018 Various Artists - Voyager Golden Record.zip
-rw-r--r--@   1 logan  staff    43912696 May 10  2019 Videos.rar
drwxr-xr-x@   6 logan  staff         192 May 10  2022 VoteIdaho Logo Package
-rw-r--r--@   1 logan  staff     5816499 Oct 12  2022 VoteIdaho_Logo_Package (1).zip
-rw-r--r--@   1 logan  staff     5816499 Apr  7  2022 VoteIdaho_Logo_Package.zip
-rw-r--r--@   1 logan  staff       20092 Feb 11  2018 WF Checking 2018-1-19.pdf
-rw-r--r--@   1 logan  staff      482302 Jan 24  2022 Watercraft_Type_Zipcode_Summary_2020.xlsx
-rw-r--r--@   1 logan  staff     4142646 Jan 26  2021 Webex (1).pkg
-rw-r--r--@   1 logan  staff     1121318 Apr 14  2020 Webex.pkg
drwx------@  11 logan  staff         352 Sep 20  2023 Were Safety Now Havent We Full Album
-rw-r--r--@   1 logan  staff   116826778 Sep 20  2023 Were Safety Now Havent We Full Album.zip
-rw-r--r--@   1 logan  staff     1818133 Apr  9  2021 Winder, Chuck.jpg
-rw-r--r--@   1 logan  staff   158356415 Mar 12  2021 Wood Wintrow Full Interview.mp4
-rw-r--r--@   1 logan  staff      360873 Feb 20  2019 Writing Studio Based Stories BN.pptx
-rw-r--r--@   1 logan  staff      138840 Oct  8  2021 XXXX7281-9_2021-edj-statement.pdf
-rw-r--r--@   1 logan  staff  7676134463 Apr 25 11:56 Xcode_14.2.xip
-rw-r--r--@   1 logan  staff    13036329 Mar 20  2020 Zoom.pkg
-rw-r--r--@   1 logan  staff     1904115 Dec 23  2022 a06e35a02dd1461d37d146357a660620 (1).mp4
-rw-r--r--@   1 logan  staff     1904115 Dec 23  2022 a06e35a02dd1461d37d146357a660620.mp4
-rw-r--r--@   1 logan  staff     2124131 Dec 23  2022 a5c0b01d6afb3bd8296f88bbd63dd6fe.mp4
-rw-rw-r--@   1 logan  staff       97504 Jun 23  2005 akaPosse.ttf
-rw-r--r--@   1 logan  staff       52150 Apr 16  2025 akaposse.zip
-rw-r--r--@   1 logan  staff     2910509 Feb  5  2018 androidfiletransfer.dmg
-rw-r--r--@   1 logan  staff        7220 Dec 30  2024 appendices_spreadsheet.xlsx
-rw-r--r--@   1 logan  staff     1683770 Dec 18  2022 archive-20221218231813-58c867bc18ced8f72977057fb27e0517.tar.gz
-rw-r--r--@   1 logan  staff     2006231 Dec 23  2022 b4d41208a7000828e98ab757081b77e7.mp4
-rw-r--r--@   1 logan  staff     1555302 Dec 23  2022 bb2c16b57274de4b59fb604048fb2cda.mp4
-rw-r--r--@   1 logan  staff      680843 Feb 26  2019 beach-1761410.jpg
drwx------@  12 logan  staff         384 Apr 22  2023 bebas_neue
-rw-r--r--@   1 logan  staff      147796 Apr 22  2023 bebas_neue.zip
-rw-r--r--@   1 logan  staff     3544652 Feb  2  2022 blue-paper-face-masks-corona-virus-protection-2021-08-29-09-27-49-utc.jpg
-rw-r--r--@   1 logan  staff       56529 Sep 11  2017 bs_pols_req0708.pdf
-rw-r--r--@   1 logan  staff    80523536 Nov  3  2018 calibre-3.33.1.dmg
-rw-r--r--@   1 logan  staff       29190 Apr  2  2018 chart.0e94e859367c401b9f621cbd9829bd90(1).png
-rw-r--r--@   1 logan  staff       29190 Apr  2  2018 chart.0e94e859367c401b9f621cbd9829bd90.png
-rw-r--r--@   1 logan  staff       66590 Oct 15  2022 contacts.vcf
-rw-r--r--@   1 logan  staff     4870418 Sep 25  2023 contours (1).svg
-rw-r--r--@   1 logan  staff    11841753 Sep 25  2023 contours.svg
-rw-r--r--@   1 logan  staff    25635091 Jul 22  2020 dialogue-podcast-cover.psd
-rw-r--r--@   1 logan  staff       89630 Jul 24  2020 dialogue-thomas-keneally
-rw-r--r--@   1 logan  staff       59003 Oct 17  2017 doc07353920171016124005_001.pdf
-rw-r--r--@   1 logan  staff     1439379 Dec  5  2018 doctor_quack_vbr.mp3
-rw-r--r--@   1 logan  staff      105397 Apr  8  2018 download.html
-rw-r--r--@   1 logan  staff       72056 Dec 29  2020 download.png
drwx------@   3 logan  staff          96 Oct  9  2017 drive-download-20171010T022445Z-001
-rw-r--r--@   1 logan  staff      164835 Oct  9  2017 drive-download-20171010T022445Z-001.zip
drwx------@   7 logan  staff         224 Oct  5  2018 drive-download-20181005T224400Z-001
-rw-r--r--@   1 logan  staff    26617077 Oct  5  2018 drive-download-20181005T224400Z-001.zip
drwxr-xr-x@   4 logan  staff         128 Jan 10  2021 drive-download-20210111T063650Z-001
-rw-r--r--@   1 logan  staff     4585184 Jan 10  2021 drive-download-20210111T063650Z-001.zip
-rw-r--r--@   1 logan  staff   151182905 Apr 29  2021 drive-download-20210429T212416Z-001.zip
-rw-r--r--@   1 logan  staff       69187 Aug 22  2017 emergency-scholarship-application-checklist.pdf
-rw-r--r--@   1 logan  staff     2884690 Jan 22  2023 encampment-March_18_2022.jpg
-rw-r--r--@   1 logan  staff     5895406 Dec 23  2022 f0c6af3ad19a338d3c83ab51dc12d522.mp4
-rw-r--r--@   1 logan  staff  2223301232 Mar 27  2018 facebook-loganfinney90.zip
-rw-r--r--@   1 logan  staff    12544962 Aug 18  2019 fuzzball-parade-by-kevin-macleod.mp3
-rw-r--r--@   1 logan  staff      293528 Sep 18  2017 general-education-curriculum-requirements.pdf
-rw-r--r--@   1 logan  staff    58568776 Mar  9  2018 gimp-2.8.22-x86_64.dmg
-rw-r--r--@   1 logan  staff          53 Feb  5  2023 googlefc8ac429844626da.html
-rw-r--r--@   1 logan  staff   599765584 May 29  2020 govpresser052820.wav
-rw-r--r--@   1 logan  staff     5600172 Jan  9  2020 handbook-landuse.pdf
drwxr-xr-x@  18 logan  staff         576 May 31  2017 hopeless fountain kingdom (Deluxe)
-rw-r--r--@   1 logan  staff   116825231 Jul 27  2017 hopeless_fountain_kingdom_(Deluxe).zip
-rw-r--r--@   1 logan  staff     3288131 Jun 24  2024 husband-holding-wife-s-legs-to-help-support-during-2022-11-07-07-11-24-utc (1).jpg
-rw-r--r--@   1 logan  staff     3288131 Mar 17  2023 husband-holding-wife-s-legs-to-help-support-during-2022-11-07-07-11-24-utc.jpg
drwxr-xr-x@   3 logan  staff          96 Aug 30  2022 idreports.wordpress.com-2022-08-30-18_06_01
-rw-r--r--@   1 logan  staff      599022 Aug 30  2022 idreports.wordpress.com-2022-08-30-18_06_06-1p8kd3bqlkvkfvwtak51pwqjtuxmtsuo.zip
-rw-r--r--@   1 logan  staff     3245299 Mar 27  2018 img023.jpg
drwx------@   4 logan  staff         128 May  8 14:24 insurancecardphotos
-rw-r--r--@   1 logan  staff     2643144 May  8 14:24 insurancecardphotos.zip
-rw-r--r--@   1 logan  staff   332704816 May 29  2020 ir4822 AUDIO.wav
drwxr-xr-x@   3 logan  staff          96 Jun 12  2020 ir4824_elements_for_podcast
-rw-r--r--@   1 logan  staff   333575186 Jun 12  2020 ir4824_elements_for_podcast.zip
drwxr-xr-x@   3 logan  staff          96 Jul 10  2020 ir4827_podcast_elements
-rw-r--r--@   1 logan  staff    55984409 Jul 10  2020 ir4827_podcast_elements.zip
drwxr-xr-x@   3 logan  staff          96 Jul 24  2020 ir4829_podcast_elements
-rw-r--r--@   1 logan  staff    56067266 Jul 24  2020 ir4829_podcast_elements.zip
drwxr-xr-x@   3 logan  staff          96 Jul 31  2020 ir4830_podcast_elements
-rw-r--r--@   1 logan  staff    56194003 Jul 31  2020 ir4830_podcast_elements.zip
drwxr-xr-x@   3 logan  staff          96 Aug 14  2020 ir4832_podcast_elements
-rw-r--r--@   1 logan  staff    56060226 Aug 14  2020 ir4832_podcast_elements.zip
drwxr-xr-x@   3 logan  staff          96 Sep 18  2020 ir4837_podcast_elements
-rw-r--r--@   1 logan  staff    56207496 Sep 18  2020 ir4837_podcast_elements.zip
drwxr-xr-x@   3 logan  staff          96 Oct  2  2020 ir4839_podcast_elements
-rw-r--r--@   1 logan  staff    56324642 Oct  2  2020 ir4839_podcast_elements.zip
drwxr-xr-x@   3 logan  staff          96 Oct 30  2020 ir4841_podcast
-rw-r--r--@   1 logan  staff    56199304 Oct 30  2020 ir4841_podcast.zip
drwxr-xr-x@   3 logan  staff          96 Nov  6  2020 ir4842_podcast
-rw-r--r--@   1 logan  staff    56543917 Nov  6  2020 ir4842_podcast.zip
drwxr-xr-x@   3 logan  staff          96 Nov 20  2020 ir4844_podcast
-rw-r--r--@   1 logan  staff    56397145 Nov 20  2020 ir4844_podcast.zip
drwxr-xr-x@   3 logan  staff          96 Dec  4  2020 ir4845_podcast_elements
-rw-r--r--@   1 logan  staff    56612018 Dec  4  2020 ir4845_podcast_elements.zip
drwxr-xr-x@   3 logan  staff          96 Dec 11  2020 ir4846_podcast
-rw-r--r--@   1 logan  staff    56623324 Dec 11  2020 ir4846_podcast.zip
drwxr-xr-x@   3 logan  staff          96 Jan  8  2021 ir4901
-rw-r--r--@   1 logan  staff    56453645 Jan  8  2021 ir4901.zip
drwxr-xr-x@   3 logan  staff          96 Jan 15  2021 ir4902_podcast
-rw-r--r--@   1 logan  staff    56236590 Jan 15  2021 ir4902_podcast.zip
drwxr-xr-x@   3 logan  staff          96 Jan 22  2021 ir4903_Files
-rw-r--r--@   1 logan  staff    87747282 Jan 22  2021 ir4903_Files.zip
drwxr-xr-x@   3 logan  staff          96 Jan 29  2021 ir4904_files
-rw-r--r--@   1 logan  staff    89305644 Jan 29  2021 ir4904_files.zip
drwxr-xr-x@   3 logan  staff          96 Feb  5  2021 ir4905_files
-rw-r--r--@   1 logan  staff    82797115 Feb  5  2021 ir4905_files.zip
-rw-r--r--@   1 logan  staff    55437588 Apr 30  2022 ir5025-Podcast.mp3
-rw-r--r--@   1 logan  staff      163364 Apr 30  2022 ir5025_Mz.jpg
-rw-r--r--@   1 logan  staff    55444734 May 27  2022 ir5029-Podcast.mp3
-rw-r--r--@   1 logan  staff    55619764 Dec 16  2022 ir5109-audio.mp3
-rw-r--r--@   1 logan  staff     6405361 Dec 26  2017 jonesiver.mp3
drwxr-xr-x@   6 logan  staff         192 May 21  2020 libsyn-podcasting
drwxr-xr-x@   6 logan  staff         192 May 21  2020 libsyn-podcasting 2
-rw-r--r--@   1 logan  staff     1576895 Oct 15  2020 libsyn-podcasting.1.2.2.9.zip
-rw-r--r--@   1 logan  staff      155822 Oct 21  2025 logan smile 1.jpg
-rw-r--r--@   1 logan  staff   375816984 Apr 19  2019 mac-mg2500s-1_5-mcd.dmg
-rw-r--r--@   1 logan  staff     1194386 Mar 30  2021 messages_0.jpeg
-rw-r--r--@   1 logan  staff     1145514 Mar 30  2020 money-pink-coins-pig-9660.jpg
-rw-r--r--@   1 logan  staff        5492 Apr 16  2025 nandaka_western.zip
-rw-r--r--@   1 logan  staff   135249620 Jan 20  2021 obs-mac-26.1.2.dmg
drwxr-xr-x@   3 logan  staff          96 Apr 24 18:19 oiligarchy.app
-rw-r--r--@   1 logan  staff     8258157 Jul  3  2019 oiligarchy_mac.zip
-rw-r--r--@   1 logan  staff      118024 Nov  2  2018 original.png
-rw-r--r--@   1 logan  staff       44540 Jun 24  2024 our-new-washerwoman-640.jpeg
-rw-r--r--@   1 logan  staff     2781143 Jun 24  2024 pexels-photo-5875357.jpeg
drwx------@   3 logan  staff          96 Feb  2  2022 pictures
-rw-r--r--@   1 logan  staff     7322434 Feb  2  2022 pictures.zip
drwxr-xr-x@   3 logan  staff          96 Mar 12  2021 podcast_and_promo
-rw-r--r--@   1 logan  staff    98337667 Mar 12  2021 podcast_and_promo.zip
drwxr-xr-x@   3 logan  staff          96 Apr  9  2021 podcast_interviews
-rw-r--r--@   1 logan  staff    56811006 Apr  9  2021 podcast_interviews.zip
-rw-r--r--@   1 logan  staff     1253546 Dec  5  2018 puppetry_comedy_vbr.mp3
-rw-r--r--@   1 logan  staff   741473708 May  2  2019 ram examiner episode 2_mixdown.wav
-rw-r--r--@   1 logan  staff    25799382 Sep 27  2018 reMarkable-1.2.2.dmg
-rw-r--r--@   1 logan  staff    58566591 Nov  1  2023 reMarkable-3.7.0.801.qt6.dmg
-rw-r--r--@   1 logan  staff      920233 Jun 13  2022 ref=series_rw_dp_sw.html
-rw-r--r--@   1 logan  staff     5600078 May  6  2020 reheadshotschoosetop5.zip
-rw-r--r--@   1 logan  staff    25411513 Jan 18  2018 remarkable-1.0.0.dmg
-rw-r--r--@   1 logan  staff       52723 Oct 14  2020 resume-2020.pdf
-rw-r--r--@   1 logan  staff      465213 Oct  9  2022 senate-education.jpeg
-rw-r--r--@   1 logan  staff    84325008 Nov  3  2018 setup_ebook_converter_pro.exe
-rw-r--r--@   1 logan  staff    50946472 Nov  3  2018 setup_pdf_converter.dmg
drwx------@   4 logan  staff         128 Apr 16  2025 shadowed_serif
-rw-r--r--@   1 logan  staff       17664 Apr 16  2025 shadowed_serif.zip
drwxr-xr-x@   3 logan  staff          96 May 28  2021 show stuffs
-rw-r--r--@   1 logan  staff    98335704 May 28  2021 show stuffs.zip
-rw-r--r--@   1 logan  staff    10870272 Apr  4  2018 stagingtheritual.pps
-rw-r--r--@   1 logan  staff     3372834 Mar 19  2023 steam (1).dmg
-rw-r--r--@   1 logan  staff     3372834 Apr 29  2024 steam (2).dmg
-rw-r--r--@   1 logan  staff     3375945 Dec 29  2021 steam.dmg
-rw-r--r--@   1 logan  staff     1616488 Dec  5  2018 the_artful_dodger_vbr.mp3
-rw-r--r--@   1 logan  staff     1672857 Dec  5  2018 the_bravest_wooden_soldier_vbr.mp3
-rw-r--r--@   1 logan  staff        6326 Nov 16  2024 thegemstone.org-ssl-bundle.zip
-rw-r--r--@   1 logan  staff     1085299 Dec  5  2018 toyland_parade_vbr.mp3
drwxr-xr-x@   6 logan  staff         192 Jun 19  2020 update_elements
-rw-r--r--@   1 logan  staff   504436208 Jun 19  2020 update_elements.zip
-rw-r--r--@   1 logan  staff      210037 Apr 29  2020 us-flag-21-apr-2017.jpeg
-rw-r--r--@   1 logan  staff       31324 Jun 25  2021 verification.pdf
-rw-r--r--@   1 logan  staff      297834 Feb  8  2018 volunteer.gif
-rw-r--r--@   1 logan  staff       32711 Feb  8  2018 volunteer.jpg
-rw-r--r--@   1 logan  staff     1991402 Apr 29  2021 von Ehlinger, Aaron.jpg
-rw-r--r--@   1 logan  staff         162 Sep  5  2017 ~$esPaymentPlanSpring17.docx
-rw-r--r--@   1 logan  staff         162 May 22  2017 ~$it 2 questions, values cases(1).docx
